// Jest Snapshot v1, https://goo.gl/fbAQLP

exports[`RangePickerController should render with default styles 1`] = `
<ContextConsumer>
  <Component />
</ContextConsumer>
`;
