// Jest Snapshot v1, https://goo.gl/fbAQLP

exports[`CloseButton should render with default styles 1`] = `
.circuit-1 {
  padding: 0;
  margin: 0;
  display: inline-block;
  background-color: transparent;
  border: none;
  cursor: pointer;
  fill: #0F131A;
  overflow: initial;
  height: 16px;
  width: 16px;
}

.circuit-1:focus,
.circuit-1:active {
  outline: none;
}

.circuit-1 > svg {
  height: 100%;
  width: 100%;
}

<button
  className="circuit-0 circuit-1 circuit-2"
  type="button"
>
  <div>
    close-icon.svg
  </div>
</button>
`;
