// Jest Snapshot v1, https://goo.gl/fbAQLP

exports[`Pagination styles With 5 or less pages should render only the number of pages passed and the next and previous buttons 1`] = `
<ContextConsumer>
  <Component />
</ContextConsumer>
`;

exports[`Pagination styles With more than 5 pages when user is last but one page should render with default styles and match snapshot 1`] = `
<ContextConsumer>
  <Component />
</ContextConsumer>
`;

exports[`Pagination styles With more than 5 pages when user is on last page should render with default styles and match snapshot 1`] = `
<ContextConsumer>
  <Component />
</ContextConsumer>
`;

exports[`Pagination styles With more than 5 pages when user is on page 2 should render with default styles and match snapshot 1`] = `
<ContextConsumer>
  <Component />
</ContextConsumer>
`;

exports[`Pagination styles With more than 5 pages when user is on page in the middle should render with default styles and match snapshot 1`] = `
<ContextConsumer>
  <Component />
</ContextConsumer>
`;

exports[`Pagination styles With more than 5 pages when user is on page one should render with default styles and match snapshot 1`] = `
<ContextConsumer>
  <Component />
</ContextConsumer>
`;
