// Jest Snapshot v1, https://goo.gl/fbAQLP

exports[`Picture should render with default styles 1`] = `
<picture>
  <img />
</picture>
`;
